// Jest Snapshot v1, https://goo.gl/fbAQLP

exports[`Should render correctly 1`] = `"<a href=\\"/users/123\\" class=\\"active\\">User</a>UserDetail"`;
